  disp_bridge.cpp
  graphics.cpp
  info.cpp
  kernel.cpp
  lbm.cpp
  lodepng.cpp
  setup.cpp
  shapes.cpp
C:\Users\danie\source\repos\DanWBR\DisperSim 3D\FluidX3D\src\lodepng.cpp(708,33): warning C4334: '<<': resultado de 32-bit shift convertido implicitamente para 64 bits (64-bit shift era pretendido?)
C:\Users\danie\source\repos\DanWBR\DisperSim 3D\FluidX3D\src\lodepng.cpp(726,26): warning C4267: '=': conversão de 'size_t' para 'unsigned short', possível perda de dados
C:\Users\danie\source\repos\DanWBR\DisperSim 3D\FluidX3D\src\lodepng.cpp(727,18): warning C4334: '<<': resultado de 32-bit shift convertido implicitamente para 64 bits (64-bit shift era pretendido?)
C:\Users\danie\source\repos\DanWBR\DisperSim 3D\FluidX3D\src\lodepng.cpp(750,32): warning C4267: '=': conversão de 'size_t' para 'unsigned short', possível perda de dados
C:\Users\danie\source\repos\DanWBR\DisperSim 3D\FluidX3D\src\lodepng.cpp(767,33): warning C4267: '=': conversão de 'size_t' para 'unsigned short', possível perda de dados
C:\Users\danie\source\repos\DanWBR\DisperSim 3D\FluidX3D\src\lodepng.cpp(3703,74): warning C4267: 'argumento': conversão de 'size_t' para 'unsigned int', possível perda de dados
C:\Users\danie\source\repos\DanWBR\DisperSim 3D\FluidX3D\src\lodepng.cpp(4658,28): warning C4267: '=': conversão de 'size_t' para 'unsigned int', possível perda de dados
C:\Users\danie\source\repos\DanWBR\DisperSim 3D\FluidX3D\src\lodepng.cpp(4880,54): warning C4267: 'argumento': conversão de 'size_t' para 'unsigned int', possível perda de dados
C:\Users\danie\source\repos\DanWBR\DisperSim 3D\FluidX3D\src\lodepng.cpp(4885,77): warning C4267: 'argumento': conversão de 'size_t' para 'unsigned int', possível perda de dados
C:\Users\danie\source\repos\DanWBR\DisperSim 3D\FluidX3D\src\lodepng.cpp(4886,88): warning C4267: 'argumento': conversão de 'size_t' para 'unsigned int', possível perda de dados
C:\Users\danie\source\repos\DanWBR\DisperSim 3D\FluidX3D\src\lodepng.cpp(4887,77): warning C4267: 'argumento': conversão de 'size_t' para 'unsigned int', possível perda de dados
C:\Users\danie\source\repos\DanWBR\DisperSim 3D\FluidX3D\src\lodepng.cpp(4888,88): warning C4267: 'argumento': conversão de 'size_t' para 'unsigned int', possível perda de dados
C:\Users\danie\source\repos\DanWBR\DisperSim 3D\FluidX3D\src\lodepng.cpp(4889,77): warning C4267: 'argumento': conversão de 'size_t' para 'unsigned int', possível perda de dados
C:\Users\danie\source\repos\DanWBR\DisperSim 3D\FluidX3D\src\lodepng.cpp(4890,88): warning C4267: 'argumento': conversão de 'size_t' para 'unsigned int', possível perda de dados
C:\Users\danie\source\repos\DanWBR\DisperSim 3D\FluidX3D\src\lodepng.cpp(4891,72): warning C4267: 'argumento': conversão de 'size_t' para 'unsigned int', possível perda de dados
C:\Users\danie\source\repos\DanWBR\DisperSim 3D\FluidX3D\src\lodepng.cpp(5074,2): warning C4267: 'argumento': conversão de 'size_t' para 'unsigned int', possível perda de dados
C:\Users\danie\source\repos\DanWBR\DisperSim 3D\FluidX3D\src\lodepng.cpp(5098,4): warning C4267: 'argumento': conversão de 'size_t' para 'unsigned int', possível perda de dados
C:\Users\danie\source\repos\DanWBR\DisperSim 3D\FluidX3D\src\lodepng.cpp(5132,38): warning C4267: 'argumento': conversão de 'size_t' para 'unsigned int', possível perda de dados
C:\Users\danie\source\repos\DanWBR\DisperSim 3D\FluidX3D\src\lodepng.cpp(5149,2): warning C4267: 'argumento': conversão de 'size_t' para 'unsigned int', possível perda de dados
C:\Users\danie\source\repos\DanWBR\DisperSim 3D\FluidX3D\src\lodepng.cpp(5171,43): warning C4267: 'argumento': conversão de 'size_t' para 'unsigned int', possível perda de dados
C:\Users\danie\source\repos\DanWBR\DisperSim 3D\FluidX3D\src\lodepng.cpp(5202,43): warning C4267: 'argumento': conversão de 'size_t' para 'unsigned int', possível perda de dados
C:\Users\danie\source\repos\DanWBR\DisperSim 3D\FluidX3D\src\lodepng.cpp(5315,43): warning C4267: 'argumento': conversão de 'size_t' para 'unsigned int', possível perda de dados
C:\Users\danie\source\repos\DanWBR\DisperSim 3D\FluidX3D\src\lodepng.cpp(5403,27): warning C4334: '<<': resultado de 32-bit shift convertido implicitamente para 64 bits (64-bit shift era pretendido?)
     Criando biblioteca C:\Users\danie\source\repos\DanWBR\DisperSim 3D\bin\FluidX3D.lib e objeto C:\Users\danie\source\repos\DanWBR\DisperSim 3D\bin\FluidX3D.exp
  Gerando código
  936 of 2954 functions (31.7%) were compiled, the rest were copied from previous compilation.
    247 functions were new in current compilation
    414 functions had inline decision re-evaluated but remain unchanged
  Finalizada a geração de código
  FluidX3D.vcxproj -> C:\Users\danie\source\repos\DanWBR\DisperSim 3D\bin\FluidX3D.dll
