c:\users\danie\source\repos\danwbr\dispersim 3d\temp\kernel.obj
c:\users\danie\source\repos\danwbr\dispersim 3d\temp\graphics.obj
c:\users\danie\source\repos\danwbr\dispersim 3d\temp\lbm.obj
c:\users\danie\source\repos\danwbr\dispersim 3d\temp\setup.obj
c:\users\danie\source\repos\danwbr\dispersim 3d\temp\lodepng.obj
c:\users\danie\source\repos\danwbr\dispersim 3d\temp\info.obj
c:\users\danie\source\repos\danwbr\dispersim 3d\temp\shapes.obj
c:\users\danie\source\repos\danwbr\dispersim 3d\temp\disp_bridge.obj
c:\users\danie\source\repos\danwbr\dispersim 3d\temp\vc145.pdb
c:\users\danie\source\repos\danwbr\dispersim 3d\bin\fluidx3d.dll
c:\users\danie\source\repos\danwbr\dispersim 3d\bin\fluidx3d.pdb
c:\users\danie\source\repos\danwbr\dispersim 3d\temp\resource.res
c:\users\danie\source\repos\danwbr\dispersim 3d\bin\fluidx3d.lib
c:\users\danie\source\repos\danwbr\dispersim 3d\bin\fluidx3d.exp
c:\users\danie\source\repos\danwbr\dispersim 3d\temp\fluidx3d.ipdb
c:\users\danie\source\repos\danwbr\dispersim 3d\temp\fluidx3d.iobj
c:\users\danie\source\repos\danwbr\dispersim 3d\temp\main.obj
c:\users\danie\source\repos\danwbr\dispersim 3d\temp\fluidx3d.vcxproj.filelistabsolute.txt
c:\users\danie\source\repos\danwbr\dispersim 3d\temp\fluidx3d.tlog\cl.19048.write.1.tlog
c:\users\danie\source\repos\danwbr\dispersim 3d\temp\fluidx3d.tlog\cl.command.1.tlog
c:\users\danie\source\repos\danwbr\dispersim 3d\temp\fluidx3d.tlog\cl.items.tlog
c:\users\danie\source\repos\danwbr\dispersim 3d\temp\fluidx3d.tlog\cl.read.1.tlog
c:\users\danie\source\repos\danwbr\dispersim 3d\temp\fluidx3d.tlog\link.command.1.tlog
c:\users\danie\source\repos\danwbr\dispersim 3d\temp\fluidx3d.tlog\link.read.1.tlog
c:\users\danie\source\repos\danwbr\dispersim 3d\temp\fluidx3d.tlog\link.secondary.1.tlog
c:\users\danie\source\repos\danwbr\dispersim 3d\temp\fluidx3d.tlog\link.write.1.tlog
c:\users\danie\source\repos\danwbr\dispersim 3d\temp\fluidx3d.tlog\rc.command.1.tlog
c:\users\danie\source\repos\danwbr\dispersim 3d\temp\fluidx3d.tlog\rc.read.1.tlog
c:\users\danie\source\repos\danwbr\dispersim 3d\temp\fluidx3d.tlog\rc.write.1.tlog
